[backblue.gif]
[fade.gif]
[index.html]
[job-board.dexignzone.com/xhtml/social-image.png]
[job-board.dexignzone.com/xhtml/images/favicon.ico]
[job-board.dexignzone.com/xhtml/images/favicon.png]
[job-board.dexignzone.com/xhtml/images/logo.png]
[job-board.dexignzone.com/xhtml/images/main-slider/slide1.jpg]
[job-board.dexignzone.com/xhtml/images/background/bg4.jpg]
[job-board.dexignzone.com/xhtml/images/logo/icon1.png]
[job-board.dexignzone.com/xhtml/images/testimonials/pic3.jpg]
[job-board.dexignzone.com/xhtml/images/testimonials/pic1.jpg]
[job-board.dexignzone.com/xhtml/images/testimonials/pic2.jpg]
[job-board.dexignzone.com/xhtml/images/blog/grid/pic4.jpg]
[job-board.dexignzone.com/xhtml/images/blog/grid/pic3.jpg]
[job-board.dexignzone.com/xhtml/images/blog/grid/pic2.jpg]
[job-board.dexignzone.com/xhtml/images/blog/grid/pic1.jpg]
[job-board.dexignzone.com/xhtml/images/background/bg3.jpg]
[job-board.dexignzone.com/xhtml/images/logo-white.png]
[job-board.dexignzone.com/xhtml/js/jquery.min.js]
[job-board.dexignzone.com/xhtml/plugins/bootstrap/js/popper.min.js]
[job-board.dexignzone.com/xhtml/plugins/bootstrap/js/bootstrap.min.js]
[job-board.dexignzone.com/xhtml/plugins/bootstrap-select/bootstrap-select.min.js]
[job-board.dexignzone.com/xhtml/plugins/bootstrap-touchspin/jquery.bootstrap-touchspin.js]
[job-board.dexignzone.com/xhtml/plugins/magnific-popup/magnific-popup.js]
[job-board.dexignzone.com/xhtml/plugins/counter/waypoints-min.js]
[job-board.dexignzone.com/xhtml/plugins/counter/counterup.min.js]
[job-board.dexignzone.com/xhtml/plugins/imagesloaded/imagesloaded.js]
[job-board.dexignzone.com/xhtml/plugins/masonry/masonry-3.1.4.js]
[job-board.dexignzone.com/xhtml/plugins/masonry/masonry.filter.js]
[job-board.dexignzone.com/xhtml/plugins/owl-carousel/owl.carousel.js]
[job-board.dexignzone.com/xhtml/plugins/switcher/js/switcher.js]
[job-board.dexignzone.com/xhtml/js/custom.js]
[job-board.dexignzone.com/xhtml/js/dz.carousel.js]
[job-board.dexignzone.com/xhtml/js/dz.ajax.js]
[job-board.dexignzone.com/xhtml/index-2.html]
[job-board.dexignzone.com/xhtml/css/plugins.css]
[job-board.dexignzone.com/xhtml/css/style.css]
[job-board.dexignzone.com/xhtml/images/categories-bg.png]
[job-board.dexignzone.com/xhtml/images/our-work/pic4.jpg]
[job-board.dexignzone.com/xhtml/images/background/bg6.jpg]
[job-board.dexignzone.com/xhtml/images/sap.png]
[job-board.dexignzone.com/xhtml/css/templete.css]
[job-board.dexignzone.com/xhtml/css/skin/skin-1.css]
[job-board.dexignzone.com/xhtml/images/main-slider/slide2.jpg]
[job-board.dexignzone.com/xhtml/images/city/pic1.jpg]
[job-board.dexignzone.com/xhtml/images/city/pic2.jpg]
[job-board.dexignzone.com/xhtml/images/city/pic3.jpg]
[job-board.dexignzone.com/xhtml/images/city/pic4.jpg]
[job-board.dexignzone.com/xhtml/images/city/pic5.jpg]
[job-board.dexignzone.com/xhtml/images/city/pic6.jpg]
[job-board.dexignzone.com/xhtml/images/city/pic7.jpg]
[job-board.dexignzone.com/xhtml/images/city/pic8.jpg]
[job-board.dexignzone.com/xhtml/images/lines.png]
[job-board.dexignzone.com/xhtml/index.html]
[job-board.dexignzone.com/xhtml/plugins/scroll/scrollbar.min.js]
[job-board.dexignzone.com/xhtml/register-2.html]
[job-board.dexignzone.com/xhtml/images/team/pic1.jpg]
[job-board.dexignzone.com/xhtml/jobs-profile.html]
[job-board.dexignzone.com/xhtml/images/banner/bnr1.jpg]
[job-board.dexignzone.com/xhtml/plugins/tagcomplete/tagcomplete.js]
[job-board.dexignzone.com/xhtml/jobs-my-resume.html]
[job-board.dexignzone.com/xhtml/jobs-applied-job.html]
[job-board.dexignzone.com/xhtml/images/logo/icon2.png]
[job-board.dexignzone.com/xhtml/jobs-alerts.html]
[job-board.dexignzone.com/xhtml/jobs-saved-jobs.html]
[job-board.dexignzone.com/xhtml/files/pdf-sample.pdf]
[job-board.dexignzone.com/xhtml/jobs-cv-manager.html]
[job-board.dexignzone.com/xhtml/jobs-change-password.html]
[job-board.dexignzone.com/xhtml/images/logo/icon3.jpg]
[job-board.dexignzone.com/xhtml/company-profile.html]
[job-board.dexignzone.com/xhtml/company-resume.html]
[job-board.dexignzone.com/xhtml/company-post-jobs.html]
[job-board.dexignzone.com/xhtml/company-manage-job.html]
[job-board.dexignzone.com/xhtml/company-transactions.html]
[job-board.dexignzone.com/xhtml/browse-candidates.html]
[job-board.dexignzone.com/xhtml/images/our-work/pic1.jpg]
[job-board.dexignzone.com/xhtml/about-us.html]
[job-board.dexignzone.com/xhtml/job-detail.html]
[job-board.dexignzone.com/xhtml/images/gallery/pic1.jpg]
[job-board.dexignzone.com/xhtml/images/logo/logo/logo1.png]
[job-board.dexignzone.com/xhtml/images/gallery/pic2.jpg]
[job-board.dexignzone.com/xhtml/images/logo/logo/logo2.png]
[job-board.dexignzone.com/xhtml/images/gallery/pic3.jpg]
[job-board.dexignzone.com/xhtml/images/logo/logo/logo3.png]
[job-board.dexignzone.com/xhtml/images/gallery/pic4.jpg]
[job-board.dexignzone.com/xhtml/images/logo/logo/logo4.png]
[job-board.dexignzone.com/xhtml/images/gallery/pic5.jpg]
[job-board.dexignzone.com/xhtml/images/gallery/pic6.jpg]
[job-board.dexignzone.com/xhtml/images/gallery/pic7.jpg]
[job-board.dexignzone.com/xhtml/images/gallery/pic8.jpg]
[job-board.dexignzone.com/xhtml/images/gallery/pic9.jpg]
[job-board.dexignzone.com/xhtml/companies.html]
[job-board.dexignzone.com/xhtml/free-job-alerts.html]
[job-board.dexignzone.com/xhtml/images/logo/logo1.jpg]
[job-board.dexignzone.com/xhtml/images/logo/logo2.jpg]
[job-board.dexignzone.com/xhtml/images/logo/logo3.jpg]
[job-board.dexignzone.com/xhtml/images/logo/logo4.jpg]
[job-board.dexignzone.com/xhtml/images/logo/logo5.jpg]
[job-board.dexignzone.com/xhtml/images/logo/logo6.jpg]
[job-board.dexignzone.com/xhtml/images/logo/logo7.jpg]
[job-board.dexignzone.com/xhtml/images/logo/logo8.jpg]
[job-board.dexignzone.com/xhtml/images/logo/logo9.jpg]
[job-board.dexignzone.com/xhtml/browse-job-list.html]
[job-board.dexignzone.com/xhtml/browse-job-grid.html]
[job-board.dexignzone.com/xhtml/browse-job-filter-list.html]
[job-board.dexignzone.com/xhtml/browse-job-filter-grid.html]
[job-board.dexignzone.com/xhtml/images/logo/logo10.jpg]
[job-board.dexignzone.com/xhtml/category-all-jobs.html]
[job-board.dexignzone.com/xhtml/images/logo/logo17.png]
[job-board.dexignzone.com/xhtml/images/logo/logo18.png]
[job-board.dexignzone.com/xhtml/images/logo/logo19.png]
[job-board.dexignzone.com/xhtml/images/logo/logo20.png]
[job-board.dexignzone.com/xhtml/images/logo/logo21.png]
[job-board.dexignzone.com/xhtml/category-company-jobs.html]
[job-board.dexignzone.com/xhtml/category-designations-jobs.html]
[job-board.dexignzone.com/xhtml/category-jobs.html]
[job-board.dexignzone.com/xhtml/category-location-jobs.html]
[job-board.dexignzone.com/xhtml/category-skill-jobs.html]
[job-board.dexignzone.com/xhtml/images/banner/bnr2.jpg]
[job-board.dexignzone.com/xhtml/images/gallery/masonry/img1.jpg]
[job-board.dexignzone.com/xhtml/images/gallery/masonry/img2.jpg]
[job-board.dexignzone.com/xhtml/images/gallery/masonry/img3.jpg]
[job-board.dexignzone.com/xhtml/images/gallery/masonry/img4.jpg]
[job-board.dexignzone.com/xhtml/images/gallery/masonry/img5.jpg]
[job-board.dexignzone.com/xhtml/images/gallery/masonry/img6.jpg]
[job-board.dexignzone.com/xhtml/portfolio-grid-2.html]
[job-board.dexignzone.com/xhtml/portfolio-grid-3.html]
[job-board.dexignzone.com/xhtml/portfolio-grid-4.html]
[job-board.dexignzone.com/xhtml/login.html]
[job-board.dexignzone.com/xhtml/images/logo-white2.png]
[job-board.dexignzone.com/xhtml/login-2.html]
[job-board.dexignzone.com/xhtml/plugins/wow/wow.js]
[job-board.dexignzone.com/xhtml/login-3.html]
[job-board.dexignzone.com/xhtml/register.html]
[job-board.dexignzone.com/xhtml/error-404.html]
[job-board.dexignzone.com/xhtml/images/background/bg2.jpg]
[job-board.dexignzone.com/xhtml/plugins/countdown/jquery.countdown.js]
[job-board.dexignzone.com/xhtml/plugins/revolution/revolution/js/jquery.themepunch.tools.min.js]
[job-board.dexignzone.com/xhtml/plugins/revolution/revolution/js/jquery.themepunch.revolution.min.js]
[job-board.dexignzone.com/xhtml/plugins/revolution/revolution/js/extensions/revolution.extension.actions.min.js]
[job-board.dexignzone.com/xhtml/plugins/revolution/revolution/js/extensions/revolution.extension.carousel.min.js]
[job-board.dexignzone.com/xhtml/plugins/revolution/revolution/js/extensions/revolution.extension.kenburn.min.js]
[job-board.dexignzone.com/xhtml/plugins/revolution/revolution/js/extensions/revolution.extension.layeranimation.min.js]
[job-board.dexignzone.com/xhtml/plugins/revolution/revolution/js/extensions/revolution.extension.migration.min.js]
[job-board.dexignzone.com/xhtml/plugins/revolution/revolution/js/extensions/revolution.extension.navigation.min.js]
[job-board.dexignzone.com/xhtml/plugins/revolution/revolution/js/extensions/revolution.extension.parallax.min.js]
[job-board.dexignzone.com/xhtml/plugins/revolution/revolution/js/extensions/revolution.extension.slideanims.min.js]
[job-board.dexignzone.com/xhtml/plugins/revolution/revolution/js/extensions/revolution.extension.video.min.js]
[job-board.dexignzone.com/xhtml/plugins/revolution/revolution-addons/typewriter/js/revolution.addon.typewriter.min.js]
[job-board.dexignzone.com/xhtml/plugins/revolution/revolution-addons/countdown/revolution.addon.countdown.min.js]
[job-board.dexignzone.com/xhtml/coming-soon.html]
[www.google.com/recaptcha/api.js]
[job-board.dexignzone.com/xhtml/contact.html]
[job-board.dexignzone.com/xhtml/images/blog/default/thum2.jpg]
[job-board.dexignzone.com/xhtml/images/blog/default/thum1.jpg]
[job-board.dexignzone.com/xhtml/images/blog/default/thum4.jpg]
[job-board.dexignzone.com/xhtml/images/blog/default/thum3.jpg]
[job-board.dexignzone.com/xhtml/blog-classic.html]
[job-board.dexignzone.com/xhtml/images/blog/recent-blog/pic1.jpg]
[job-board.dexignzone.com/xhtml/images/blog/recent-blog/pic2.jpg]
[job-board.dexignzone.com/xhtml/images/blog/recent-blog/pic3.jpg]
[job-board.dexignzone.com/xhtml/blog-classic-sidebar.html]
[job-board.dexignzone.com/xhtml/blog-detailed-grid.html]
[job-board.dexignzone.com/xhtml/blog-detailed-grid-sidebar.html]
[job-board.dexignzone.com/xhtml/blog-left-img.html]
[job-board.dexignzone.com/xhtml/blog-details.html]
[job-board.dexignzone.com/xhtml/plugins/bootstrap/css/bootstrap.min.css]
[job-board.dexignzone.com/xhtml/plugins/fontawesome/fonts/fontawesome-webfont3e6e.eot]
[job-board.dexignzone.com/xhtml/plugins/fontawesome/fonts/fontawesome-webfontd41d.eot]
[job-board.dexignzone.com/xhtml/plugins/fontawesome/fonts/fontawesome-webfont3e6e.woff2]
[job-board.dexignzone.com/xhtml/plugins/fontawesome/fonts/fontawesome-webfont3e6e.woff]
[job-board.dexignzone.com/xhtml/plugins/fontawesome/fonts/fontawesome-webfont3e6e.ttf]
[job-board.dexignzone.com/xhtml/plugins/fontawesome/css/font-awesome.min.css]
[job-board.dexignzone.com/xhtml/plugins/themify/fonts/themify9f24.eot]
[job-board.dexignzone.com/xhtml/plugins/themify/fonts/themifyd41d.eot]
[job-board.dexignzone.com/xhtml/plugins/themify/fonts/themify9f24.woff]
[job-board.dexignzone.com/xhtml/plugins/themify/fonts/themify9f24.ttf]
[job-board.dexignzone.com/xhtml/plugins/themify/themify-icons.css]
[job-board.dexignzone.com/xhtml/plugins/owl-carousel/owl.carousel.css]
[job-board.dexignzone.com/xhtml/plugins/bootstrap-select/bootstrap-select.min.css]
[job-board.dexignzone.com/xhtml/plugins/magnific-popup/magnific-popup.css]
[job-board.dexignzone.com/xhtml/plugins/scroll/scrollbar.css]
[job-board.dexignzone.com/xhtml/plugins/switcher/css/switcher.css]
[job-board.dexignzone.com/xhtml/images/loading.svg]
[job-board.dexignzone.com/xhtml/plugins/tagcomplete/tagcomplete.css]
[job-board.dexignzone.com/xhtml/css/animate.css]
[job-board.dexignzone.com/xhtml/plugins/revolution/revolution/css/layers.css]
[job-board.dexignzone.com/xhtml/plugins/revolution/revolution/fonts/revicons/revicons90c6.eot]
[job-board.dexignzone.com/xhtml/plugins/revolution/revolution/fonts/revicons/revicons90c6.woff]
[job-board.dexignzone.com/xhtml/plugins/revolution/revolution/fonts/revicons/revicons90c6.ttf]
[job-board.dexignzone.com/xhtml/plugins/revolution/revolution/assets/gridtile.png]
[job-board.dexignzone.com/xhtml/plugins/revolution/revolution/assets/gridtile_white.png]
[job-board.dexignzone.com/xhtml/plugins/revolution/revolution/assets/gridtile_3x3.png]
[job-board.dexignzone.com/xhtml/plugins/revolution/revolution/assets/gridtile_3x3_white.png]
[job-board.dexignzone.com/xhtml/plugins/revolution/revolution/assets/coloredbg.png]
[job-board.dexignzone.com/xhtml/plugins/revolution/revolution/assets/loader.gif]
[job-board.dexignzone.com/xhtml/plugins/revolution/revolution/css/settings.css]
[job-board.dexignzone.com/xhtml/plugins/revolution/revolution/css/navigation.css]
[job-board.dexignzone.com/xhtml/plugins/fontawesome/fonts/fontawesome-webfont3e6e.svg]
[job-board.dexignzone.com/xhtml/plugins/themify/fonts/themify9f24.svg]
[job-board.dexignzone.com/xhtml/plugins/revolution/revolution/fonts/revicons/revicons90c6.svg]
[job-board.dexignzone.com/xhtml/plugins/revolution/revolution/css/openhand.html]
[job-board.dexignzone.com/xhtml/plugins/revolution/revolution/css/closedhand.html]
