[preview.uideck.com/items/thehunt/index.html]
[backblue.gif]
[fade.gif]
[index.html]
[preview.uideck.com/items/thehunt/assets/css/bootstrap.min.css]
[preview.uideck.com/items/thehunt/assets/css/line-icons.css]
[preview.uideck.com/items/thehunt/assets/css/owl.carousel.min.css]
[preview.uideck.com/items/thehunt/assets/css/owl.theme.default.css]
[preview.uideck.com/items/thehunt/assets/css/slicknav.min.css]
[preview.uideck.com/items/thehunt/assets/css/animate.css]
[preview.uideck.com/items/thehunt/assets/css/main.css]
[preview.uideck.com/items/thehunt/assets/css/responsive.css]
[preview.uideck.com/items/thehunt/index-2.html]
[preview.uideck.com/items/thehunt/assets/img/logo.png]
[preview.uideck.com/items/thehunt/index-3.html]
[preview.uideck.com/items/thehunt/about.html]
[preview.uideck.com/items/thehunt/job-page.html]
[preview.uideck.com/items/thehunt/job-details.html]
[preview.uideck.com/items/thehunt/resume.html]
[preview.uideck.com/items/thehunt/privacy-policy.html]
[preview.uideck.com/items/thehunt/faq.html]
[preview.uideck.com/items/thehunt/pricing.html]
[preview.uideck.com/items/thehunt/contact.html]
[preview.uideck.com/items/thehunt/browse-jobs.html]
[preview.uideck.com/items/thehunt/browse-categories.html]
[preview.uideck.com/items/thehunt/add-resume.html]
[preview.uideck.com/items/thehunt/manage-resumes.html]
[preview.uideck.com/items/thehunt/job-alerts.html]
[preview.uideck.com/items/thehunt/post-job.html]
[preview.uideck.com/items/thehunt/manage-jobs.html]
[preview.uideck.com/items/thehunt/manage-applications.html]
[preview.uideck.com/items/thehunt/browse-resumes.html]
[preview.uideck.com/items/thehunt/blog.html]
[preview.uideck.com/items/thehunt/blog-left-sidebar.html]
[preview.uideck.com/items/thehunt/blog-full-width.html]
[preview.uideck.com/items/thehunt/single-post.html]
[preview.uideck.com/items/thehunt/login.html]
[preview.uideck.com/items/thehunt/assets/img/logo-mobile.png]
[preview.uideck.com/items/thehunt/assets/img/intro.png]
[preview.uideck.com/items/thehunt/assets/img/features/img1.png]
[preview.uideck.com/items/thehunt/assets/img/features/img2.png]
[preview.uideck.com/items/thehunt/assets/img/features/img3.png]
[preview.uideck.com/items/thehunt/assets/img/features/img4.png]
[preview.uideck.com/items/thehunt/assets/img/features/img5.png]
[preview.uideck.com/items/thehunt/assets/img/features/img6.png]
[preview.uideck.com/items/thehunt/assets/img/search.png]
[preview.uideck.com/items/thehunt/assets/img/testimonial/img1.png]
[preview.uideck.com/items/thehunt/assets/img/testimonial/img2.png]
[preview.uideck.com/items/thehunt/assets/img/testimonial/img3.png]
[preview.uideck.com/items/thehunt/assets/img/blog/img1.jpg]
[preview.uideck.com/items/thehunt/assets/img/blog/img2.jpg]
[preview.uideck.com/items/thehunt/assets/img/blog/img3.jpg]
[preview.uideck.com/items/thehunt/assets/img/app.png]
[preview.uideck.com/items/thehunt/assets/img/logo-footer.png]
[preview.uideck.com/items/thehunt/assets/js/popper.min.js]
[preview.uideck.com/items/thehunt/assets/js/color-switcher.js]
[preview.uideck.com/items/thehunt/assets/js/bootstrap.min.js]
[preview.uideck.com/items/thehunt/assets/js/jquery-min.js]
[preview.uideck.com/items/thehunt/assets/js/owl.carousel.min.js]
[preview.uideck.com/items/thehunt/assets/js/jquery.slicknav.js]
[preview.uideck.com/items/thehunt/assets/js/jquery.counterup.min.js]
[preview.uideck.com/items/thehunt/assets/js/waypoints.min.js]
[preview.uideck.com/items/thehunt/assets/js/form-validator.min.js]
[preview.uideck.com/items/thehunt/assets/js/contact-form-script.js]
[preview.uideck.com/items/thehunt/index.html]
[preview.uideck.com/items/thehunt/assets/css/bootstrap.min.css]
[preview.uideck.com/items/thehunt/assets/js/main.js]
[preview.uideck.com/items/thehunt/assets/fonts/LineIcons0ad2.ttf]
[preview.uideck.com/items/thehunt/assets/css/line-icons.css]
[preview.uideck.com/items/thehunt/assets/fonts/LineIcons0ad2.svg]
[preview.uideck.com/items/thehunt/assets/css/owl.video.play.png]
[preview.uideck.com/items/thehunt/assets/css/owl.carousel.min.css]
[preview.uideck.com/items/thehunt/assets/css/owl.theme.default.css]
[preview.uideck.com/items/thehunt/assets/css/slicknav.min.css]
[preview.uideck.com/items/thehunt/assets/css/animate.css]
[preview.uideck.com/items/thehunt/assets/img/banner1.jpg]
[preview.uideck.com/items/thehunt/assets/fonts/LineIcons0ad2.eot]
[preview.uideck.com/items/thehunt/assets/css/main.css]
[preview.uideck.com/items/thehunt/assets/css/responsive.css]
[preview.uideck.com/items/thehunt/index-2.html]
[preview.uideck.com/items/thehunt/assets/img/slider/bg-1.jpg]
[preview.uideck.com/items/thehunt/assets/fonts/LineIcons0ad2.woff]
[preview.uideck.com/items/thehunt/assets/img/slider/img-1.png]
[preview.uideck.com/items/thehunt/assets/img/slider/img-2.png]
[preview.uideck.com/items/thehunt/assets/img/slider/img-3.png]
[preview.uideck.com/items/thehunt/assets/img/catagories/img1.jpg]
[preview.uideck.com/items/thehunt/assets/img/catagories/img2.jpg]
[preview.uideck.com/items/thehunt/assets/img/catagories/img3.jpg]
[preview.uideck.com/items/thehunt/assets/img/catagories/img4.jpg]
[preview.uideck.com/items/thehunt/assets/img/catagories/img5.jpg]
[preview.uideck.com/items/thehunt/assets/img/catagories/img6.jpg]
[preview.uideck.com/items/thehunt/assets/img/product/img1.png]
[preview.uideck.com/items/thehunt/assets/img/product/img2.png]
[preview.uideck.com/items/thehunt/assets/img/product/img3.png]
[preview.uideck.com/items/thehunt/assets/img/sub.png]
[preview.uideck.com/items/thehunt/index-3.html]
[preview.uideck.com/items/thehunt/assets/img/about/img1.jpg]
[preview.uideck.com/items/thehunt/about.html]
[preview.uideck.com/items/thehunt/job-page.html]
[preview.uideck.com/items/thehunt/assets/img/about/company-logo.png]
[preview.uideck.com/items/thehunt/job-details.html]
[preview.uideck.com/items/thehunt/bookmarked.html]
[preview.uideck.com/items/thehunt/notifications.html]
[preview.uideck.com/items/thehunt/change-password.html]
[preview.uideck.com/items/thehunt/assets/img/resume/img-1.png]
[preview.uideck.com/items/thehunt/resume.html]
[preview.uideck.com/items/thehunt/privacy-policy.html]
[preview.uideck.com/items/thehunt/faq.html]
[preview.uideck.com/items/thehunt/pricing.html]
[preview.uideck.com/items/thehunt/contact.html]
[preview.uideck.com/items/thehunt/browse-jobs.html]
[preview.uideck.com/items/thehunt/browse-categories.html]
[preview.uideck.com/items/thehunt/add-resume.html]
[preview.uideck.com/items/thehunt/register.html]
[preview.uideck.com/items/thehunt/assets/img/jobs/avatar-1.jpg]
[preview.uideck.com/items/thehunt/manage-resumes.html]
[preview.uideck.com/items/thehunt/job-alerts.html]
[preview.uideck.com/items/thehunt/assets/css/summernote.css]
[preview.uideck.com/items/thehunt/post-job.html]
[preview.uideck.com/items/thehunt/assets/img/jobs/candidates.png]
[preview.uideck.com/items/thehunt/manage-jobs.html]
[preview.uideck.com/items/thehunt/assets/img/jobs/img-1.jpg]
[preview.uideck.com/items/thehunt/manage-applications.html]
[preview.uideck.com/items/thehunt/assets/img/jobs/avatar-1.png]
[preview.uideck.com/items/thehunt/assets/js/summernote.js]
[preview.uideck.com/items/thehunt/assets/img/jobs/avatar-2.png]
[preview.uideck.com/items/thehunt/assets/img/jobs/avatar-3.png]
[preview.uideck.com/items/thehunt/assets/img/jobs/avatar-4.png]
[preview.uideck.com/items/thehunt/browse-resumes.html]
[preview.uideck.com/items/thehunt/assets/img/blog/blog1.jpg]
[preview.uideck.com/items/thehunt/assets/img/blog/blog2.jpg]
[preview.uideck.com/items/thehunt/assets/img/blog/blog3.jpg]
[preview.uideck.com/items/thehunt/blog.html]
[preview.uideck.com/items/thehunt/blog-left-sidebar.html]
[preview.uideck.com/items/thehunt/blog-full-width.html]
[preview.uideck.com/items/thehunt/assets/img/blog/user1.png]
[preview.uideck.com/items/thehunt/assets/img/blog/user2.png]
[preview.uideck.com/items/thehunt/assets/img/blog/user3.png]
[preview.uideck.com/items/thehunt/single-post.html]
[preview.uideck.com/items/thehunt/login.html]
[preview.uideck.com/items/thehunt/assets/fonts/LineIcons0ad2.svg]
[preview.uideck.com/items/thehunt/assets/css/owl.video.play.html]
[preview.uideck.com/items/thehunt/bookmarked.html]
[preview.uideck.com/items/thehunt/assets/img/jobs/img-2.jpg]
[preview.uideck.com/items/thehunt/assets/img/jobs/img-3.jpg]
[preview.uideck.com/items/thehunt/assets/img/jobs/img-4.jpg]
[preview.uideck.com/items/thehunt/assets/img/jobs/img-5.jpg]
[preview.uideck.com/items/thehunt/assets/img/jobs/img-6.jpg]
[preview.uideck.com/items/thehunt/notifications.html]
[preview.uideck.com/items/thehunt/change-password.html]
[preview.uideck.com/items/thehunt/register.html]
[preview.uideck.com/items/thehunt/assets/css/font/summernote4c4d.eot]
[preview.uideck.com/items/thehunt/assets/css/font/summernoted41d.eot]
[preview.uideck.com/items/thehunt/assets/css/font/summernote4c4d.ttf]
[preview.uideck.com/items/thehunt/assets/css/font/summernote4c4d.woff]
[preview.uideck.com/items/thehunt/assets/css/summernote.css]
